0 verbose cli C:\Program Files\nodejs\node.exe C:\Users\jeffr\AppData\Roaming\npm\node_modules\npm\bin\npm-cli.js
1 info using npm@11.6.2
2 info using node@v20.19.5
3 silly config load:file:C:\Users\jeffr\AppData\Roaming\npm\node_modules\npm\npmrc
4 silly config load:file:C:\repos\true-north-audio\.npmrc
5 warn Unknown project config "shamefully-hoist". This will stop working in the next major version of npm.
6 warn Unknown project config "strict-peer-dependencies". This will stop working in the next major version of npm.
7 warn Unknown project config "auto-install-peers". This will stop working in the next major version of npm.
8 silly config load:file:C:\Users\jeffr\.npmrc
9 silly config load:file:C:\Users\jeffr\AppData\Roaming\npm\etc\npmrc
10 verbose title npm exec nx@latest configure-ai-agents
11 verbose argv "exec" "--yes" "--cache" "C:UsersjeffrAppDataLocalTempnx-console-tmpb7758c54f7" "--ignore-scripts" "--" "nx@latest" "configure-ai-agents"
12 verbose logfile logs-max:10 dir:C:\repos\true-north-audio\UsersjeffrAppDataLocalTempnx-console-tmpb7758c54f7\_logs\2025-11-03T00_56_34_478Z-
13 verbose logfile C:\repos\true-north-audio\UsersjeffrAppDataLocalTempnx-console-tmpb7758c54f7\_logs\2025-11-03T00_56_34_478Z-debug-0.log
14 silly logfile done cleaning log files
15 silly packumentCache heap:4345298944 maxSize:1086324736 maxEntrySize:543162368
16 http fetch GET 200 https://registry.npmjs.org/nx 376ms (cache revalidated)
17 silly packumentCache heap:4345298944 maxSize:1086324736 maxEntrySize:543162368
18 silly packumentCache heap:4345298944 maxSize:1086324736 maxEntrySize:543162368
19 verbose cwd C:\repos\true-north-audio
20 verbose os Windows_NT 10.0.26200
21 verbose node v20.19.5
22 verbose npm  v11.6.2
23 verbose exit 0
24 info ok
